// Jest Snapshot v1, https://goo.gl/fbAQLP

exports[`Chip tests Should match snapshot 1`] = `[Function]`;
