// Jest Snapshot v1, https://goo.gl/fbAQLP

exports[`ProjectTable Component renders ProjectTable correctly and matches snapshot 1`] = `
<div>
  <div
    class="w-full shadow-md sm:rounded-lg"
  >
    <div
      class="overflow-y-auto h-[900px]"
    >
      <table
        class="w-full text-sm text-left rtl:text-right text-gray-500 dark:text-gray-400"
      >
        <div>
          ProjectTableColumn
        </div>
        <div>
          ProjectTableBody
        </div>
      </table>
    </div>
  </div>
</div>
`;
