// Jest Snapshot v1, https://goo.gl/fbAQLP

exports[`SkeletonLoader Component should match snapshot 1`] = `
<div>
  <div
    class="animate-pulse bg-gray-300 rounded "
    role="status"
    style="width: 100%; height: 20px;"
  />
</div>
`;
