// Jest Snapshot v1, https://goo.gl/fbAQLP

exports[`Toast Component should match snapshot 1`] = `
<div>
  <div
    class="flex items-center divide-x rtl:divide-x-reverse p-4 w-full max-w-xs rounded-lg shadow text-success-100 bg-success-800 divide-green-950"
  >
    <div
      class="text-sm font-normal inline-flex items-center gap-3 pl-1"
    >
      <img
        alt="success"
      />
      Snapshot test
    </div>
  </div>
</div>
`;
