// Jest Snapshot v1, https://goo.gl/fbAQLP

exports[`SuspenseLoader Component matches snapshot with custom fallback 1`] = `
<DocumentFragment>
  <div>
    Custom Fallback
  </div>
</DocumentFragment>
`;

exports[`SuspenseLoader Component matches snapshot with default fallback 1`] = `
<DocumentFragment>
  <div
    class="flex justify-center items-center h-screen"
  >
    <svg
      class="animate-spin h-6 w-6 text-primary-500 "
      fill="none"
      role="progressbar"
      viewBox="0 0 24 24"
      xmlns="http://www.w3.org/2000/svg"
    >
      <circle
        class="opacity-25"
        cx="12"
        cy="12"
        r="10"
        stroke="currentColor"
        stroke-width="4"
      />
      <path
        class="opacity-75"
        d="M4 12a8 8 0 018-8V0C5.373 0 0 5.373 0 12h4zm2 5.291A7.962 7.962 0 014 12H0c0 3.042 1.135 5.824 3 7.938l3-2.647z"
        fill="currentColor"
      />
    </svg>
  </div>
</DocumentFragment>
`;
