// Jest Snapshot v1, https://goo.gl/fbAQLP

exports[`PokemonCard component renders correctly with given props 1`] = `
<DocumentFragment>
  <div
    class="w-full h-full flex flex-col items-center rounded-lg pt-16 relative"
  >
    <div
      class="w-full h-full rounded-xl absolute top-0 left-0 overflow-hidden z-0 backface-visibility-hidden"
    >
      <div
        class="w-full h-full absolute top-0 left-1/2 transform -translate-x-1/2 transition duration-500 bg-no-repeat bg-right-top	 bg-pokemon-card bg-grass-400"
      />
    </div>
    <div
      class="absolute -top-12 transform -translate-y-10"
    >
      <img
        alt="The pokemon images"
        class="w-40 h-40"
        src="https://example.com/bulbasaur.png"
      />
    </div>
    <div
      class="z-10 w-full p-5 px-5"
    >
      <span
        class="text-2xl font-bold capitalize block my-2"
      >
        Bulbasaur
      </span>
      <p
        class="text-black text-base"
      >
        #001
      </p>
      <div
        class="inline-block rounded-full py-1 px-4 capitalize bg-grass-300 mr-2"
      >
        <span
          class="chip-label"
        >
          grass
        </span>
      </div>
      <div
        class="inline-block rounded-full py-1 px-4 capitalize bg-poison-300 mr-2"
      >
        <span
          class="chip-label"
        >
          poison
        </span>
      </div>
    </div>
  </div>
</DocumentFragment>
`;
