// Jest Snapshot v1, https://goo.gl/fbAQLP

exports[`ToastContainer Component should match the snapshot when toast is visible 1`] = `
<div>
  <div
    class="fixed top-9 left-1/2 transform -translate-x-1/2"
  >
    <div
      class="flex items-center divide-x rtl:divide-x-reverse p-4 w-full max-w-xs rounded-lg shadow text-success-100 bg-success-800 divide-green-950"
    >
      <div
        class="text-sm font-normal inline-flex items-center gap-3 pl-1"
      >
        <img
          alt="success"
        />
        Test Toast Message
      </div>
    </div>
  </div>
</div>
`;
