// Jest Snapshot v1, https://goo.gl/fbAQLP

exports[`Modal Component should match the snapshot when open 1`] = `[Function]`;
