// Jest Snapshot v1, https://goo.gl/fbAQLP

exports[`ProjectDetailSkeleton Component matches the snapshot 1`] = `
<DocumentFragment>
  <div
    class="flex items-center p-8 h-full gap-36 space-y-6 flex-row"
  >
    <div
      class="flex-shrink-0 w-5/12 h-full flex flex-col items-center"
    >
      <div
        class="animate-pulse bg-gray-300 rounded mb-4"
        role="status"
        style="width: 75%; height: 300px;"
      />
      <div
        class="animate-pulse bg-gray-300 rounded "
        role="status"
        style="width: 50%; height: 20px;"
      />
    </div>
    <div
      class="flex-grow lg:w-7/12 h-full space-y-6"
    >
      <div
        class="animate-pulse bg-gray-300 rounded mb-4"
        role="status"
        style="width: 70%; height: 30px;"
      />
      <div
        class="animate-pulse bg-gray-300 rounded mb-2"
        role="status"
        style="width: 20%; height: 20px;"
      />
      <div
        class="animate-pulse bg-gray-300 rounded mb-4 rounded-md"
        role="status"
        style="width: 100px; height: 30px;"
      />
      <div
        class="animate-pulse bg-gray-300 rounded mb-2"
        role="status"
        style="width: 40%; height: 20px;"
      />
      <div
        class="animate-pulse bg-gray-300 rounded mb-4"
        role="status"
        style="width: 60%; height: 20px;"
      />
      <div
        class="animate-pulse bg-gray-300 rounded mb-2"
        role="status"
        style="width: 40%; height: 20px;"
      />
      <div
        class="animate-pulse bg-gray-300 rounded mb-4"
        role="status"
        style="width: 60%; height: 20px;"
      />
      <div
        class="animate-pulse bg-gray-300 rounded mb-2"
        role="status"
        style="width: 40%; height: 20px;"
      />
      <div
        class="animate-pulse bg-gray-300 rounded mb-4"
        role="status"
        style="width: 100px; height: 20px;"
      />
      <div
        class="animate-pulse bg-gray-300 rounded mb-2"
        role="status"
        style="width: 40%; height: 20px;"
      />
      <div
        class="animate-pulse bg-gray-300 rounded "
        role="status"
        style="width: 100px; height: 20px;"
      />
    </div>
  </div>
</DocumentFragment>
`;
