// Jest Snapshot v1, https://goo.gl/fbAQLP

exports[`SearchBox Component matches the snapshot 1`] = `
<DocumentFragment>
  <div
    class="relative"
  >
    <img
      alt="Search"
      class="pl-4 p-2 absolute"
    />
    <div
      class="flex flex-col"
    >
      <input
        class="border gap-2 block outline-none focus:ring-4 focus:ring-primary-100 rounded-md py-[6px] px-3 text-gray-900 disabled:text-light disabled:bg-white shadow h-full w-full pl-9 rounded-none rounded-e-lg"
        id="searchInput"
        placeholder="Search"
        value="Test Search"
      />
    </div>
  </div>
</DocumentFragment>
`;
