// Jest Snapshot v1, https://goo.gl/fbAQLP

exports[`DeleteProjectModal matches the snapshot 1`] = `
<div>
  <div
    class="fixed inset-0 z-50 flex items-center justify-center w-full h-full bg-gray-800 bg-opacity-60"
  >
    <div
      class="relative rounded-2xl max-w-2xl bg-gray-50 shadow-lg"
      role="dialog"
    >
      <div
        class="bg-light rounded-t-xl p-4 w-[440px]"
      >
        <p
          class="text-lg font-semibold text-gray-900 mb-3"
        >
          Delete Project
        </p>
        <p
          class="leading-6 text-gray-600"
        >
          Are you sure you want to delete 
          <strong>
            Test Project
          </strong>
          ? If you delete, it will be permanently lost.
        </p>
      </div>
      <div
        class="bg-light rounded-b-xl flex justify-end gap-4 border-t-2 py-3"
      >
        <button
          class="flex gap-2 items-center focus:ring-4 focus:ring-primary-100 rounded-md cursor-pointer disabled:opacity-45 bg-white border-2 text-black px-4 py-2 text-base text-black"
        >
          Cancel
        </button>
        <button
          class="flex gap-2 items-center focus:ring-4 focus:ring-primary-100 rounded-md cursor-pointer disabled:opacity-45 border-0 text-white px-4 py-2 text-base bg-danger-400 border hover:bg-danger-500 focus:bg-danger-400 hover:text-light focus:text-light mr-5"
        >
          Delete
        </button>
      </div>
    </div>
  </div>
</div>
`;
